// Jest Snapshot v1, https://jestjs.io/docs/snapshot-testing

exports[`snapshot for AssetsStack matches previous state 1`] = `
{
  "Resources": {
    "Repository22E53BBD": {
      "DeletionPolicy": "Retain",
      "Properties": {
        "ImageTagMutability": "IMMUTABLE",
        "RepositoryName": "artemis",
        "Tags": [
          {
            "Key": "GitRepository",
            "Value": "TBD",
          },
          {
            "Key": "Project",
            "Value": "Artemis",
          },
        ],
      },
      "Type": "AWS::ECR::Repository",
      "UpdateReplacePolicy": "Retain",
    },
  },
}
`;
