// Jest Snapshot v1, https://jestjs.io/docs/snapshot-testing

exports[`snapshot for Stack matches previous state 1`] = `
{
  "Resources": {
    "Alb16C2F182": {
      "DependsOn": [
        "VpcpublicSubnet1DefaultRouteB88F9E93",
        "VpcpublicSubnet1RouteTableAssociation4E83B6E4",
        "VpcpublicSubnet2DefaultRoute732F0BEB",
        "VpcpublicSubnet2RouteTableAssociationCCE257FF",
        "VpcpublicSubnet3DefaultRouteA3904BF0",
        "VpcpublicSubnet3RouteTableAssociation61C43F88",
      ],
      "Properties": {
        "LoadBalancerAttributes": [
          {
            "Key": "deletion_protection.enabled",
            "Value": "false",
          },
        ],
        "Name": "dev-public-alb-shared",
        "Scheme": "internet-facing",
        "SecurityGroups": [
          {
            "Fn::GetAtt": [
              "AlbSecurityGroup580F65A6",
              "GroupId",
            ],
          },
        ],
        "Subnets": [
          {
            "Ref": "VpcpublicSubnet1Subnet2BB74ED7",
          },
          {
            "Ref": "VpcpublicSubnet2SubnetE34B022A",
          },
          {
            "Ref": "VpcpublicSubnet3SubnetDFEF064A",
          },
        ],
        "Tags": [
          {
            "Key": "GitRepository",
            "Value": "https://github.com/anjanipangal/artemis-cdk",
          },
          {
            "Key": "Project",
            "Value": "Artemis",
          },
        ],
        "Type": "application",
      },
      "Type": "AWS::ElasticLoadBalancingV2::LoadBalancer",
    },
    "AlbHttpsListener2ADA614F": {
      "Properties": {
        "Certificates": [
          {
            "CertificateArn": {
              "Ref": "Certificate4E7ABB08",
            },
          },
        ],
        "DefaultActions": [
          {
            "FixedResponseConfig": {
              "ContentType": "text/plain",
              "MessageBody": "Not Found",
              "StatusCode": "404",
            },
            "Type": "fixed-response",
          },
        ],
        "LoadBalancerArn": {
          "Ref": "Alb16C2F182",
        },
        "Port": 443,
        "Protocol": "HTTPS",
      },
      "Type": "AWS::ElasticLoadBalancingV2::Listener",
    },
    "AlbSecurityGroup580F65A6": {
      "Properties": {
        "GroupDescription": "Automatically created Security Group for ELB MyTestStackAlbA27FC7C7",
        "SecurityGroupIngress": [
          {
            "CidrIp": "0.0.0.0/0",
            "Description": "Allow from anyone on port 443",
            "FromPort": 443,
            "IpProtocol": "tcp",
            "ToPort": 443,
          },
        ],
        "Tags": [
          {
            "Key": "GitRepository",
            "Value": "https://github.com/anjanipangal/artemis-cdk",
          },
          {
            "Key": "Project",
            "Value": "Artemis",
          },
        ],
        "VpcId": {
          "Ref": "Vpc8378EB38",
        },
      },
      "Type": "AWS::EC2::SecurityGroup",
    },
    "AlbSecurityGrouptoMyTestStackLivekitServerLivekitServerServiceSecurityGroup0EE734587880D1B4D1EF": {
      "Properties": {
        "Description": "Load balancer to target",
        "DestinationSecurityGroupId": {
          "Fn::GetAtt": [
            "LivekitServerLivekitServerServiceSecurityGroup8C2CAD09",
            "GroupId",
          ],
        },
        "FromPort": 7880,
        "GroupId": {
          "Fn::GetAtt": [
            "AlbSecurityGroup580F65A6",
            "GroupId",
          ],
        },
        "IpProtocol": "tcp",
        "ToPort": 7880,
      },
      "Type": "AWS::EC2::SecurityGroupEgress",
    },
    "Certificate4E7ABB08": {
      "Properties": {
        "DomainName": "*.dev.getartemishealth.com",
        "DomainValidationOptions": [
          {
            "DomainName": "*.dev.getartemishealth.com",
            "HostedZoneId": "DUMMY",
          },
        ],
        "Tags": [
          {
            "Key": "GitRepository",
            "Value": "https://github.com/anjanipangal/artemis-cdk",
          },
          {
            "Key": "Name",
            "Value": "MyTestStack/Certificate",
          },
          {
            "Key": "Project",
            "Value": "Artemis",
          },
        ],
        "ValidationMethod": "DNS",
      },
      "Type": "AWS::CertificateManager::Certificate",
    },
    "ClusterEB0386A7": {
      "Properties": {
        "ClusterName": "dev-cluster",
        "ClusterSettings": [
          {
            "Name": "containerInsights",
            "Value": "disabled",
          },
        ],
        "Tags": [
          {
            "Key": "GitRepository",
            "Value": "https://github.com/anjanipangal/artemis-cdk",
          },
          {
            "Key": "Project",
            "Value": "Artemis",
          },
        ],
      },
      "Type": "AWS::ECS::Cluster",
    },
    "LivekitAgentsLivekitAgentsService70E912B0": {
      "DependsOn": [
        "LivekitAgentsLivekitAgentsTaskDefinitionTaskRoleDefaultPolicy29B7ECC8",
        "LivekitAgentsLivekitAgentsTaskDefinitionTaskRoleF0FD00F9",
      ],
      "Properties": {
        "Cluster": {
          "Ref": "ClusterEB0386A7",
        },
        "DeploymentConfiguration": {
          "Alarms": {
            "AlarmNames": [],
            "Enable": false,
            "Rollback": false,
          },
          "DeploymentCircuitBreaker": {
            "Enable": true,
            "Rollback": true,
          },
          "MaximumPercent": 200,
          "MinimumHealthyPercent": 50,
        },
        "DeploymentController": {
          "Type": "ECS",
        },
        "DesiredCount": 1,
        "EnableECSManagedTags": false,
        "HealthCheckGracePeriodSeconds": 60,
        "LaunchType": "FARGATE",
        "NetworkConfiguration": {
          "AwsvpcConfiguration": {
            "AssignPublicIp": "DISABLED",
            "SecurityGroups": [
              {
                "Fn::GetAtt": [
                  "LivekitAgentsLivekitAgentsServiceSecurityGroupE0870D3C",
                  "GroupId",
                ],
              },
            ],
            "Subnets": [
              {
                "Ref": "VpcprivateSubnet1SubnetCEAD3716",
              },
              {
                "Ref": "VpcprivateSubnet2Subnet2DE7549C",
              },
              {
                "Ref": "VpcprivateSubnet3SubnetA5AC68D9",
              },
            ],
          },
        },
        "ServiceName": "artemis-livekit-agents",
        "Tags": [
          {
            "Key": "GitRepository",
            "Value": "https://github.com/anjanipangal/artemis-cdk",
          },
          {
            "Key": "Project",
            "Value": "Artemis",
          },
        ],
        "TaskDefinition": {
          "Ref": "LivekitAgentsLivekitAgentsTaskDefinitionB3B5C878",
        },
      },
      "Type": "AWS::ECS::Service",
    },
    "LivekitAgentsLivekitAgentsServiceSecurityGroupE0870D3C": {
      "DependsOn": [
        "LivekitAgentsLivekitAgentsTaskDefinitionTaskRoleDefaultPolicy29B7ECC8",
        "LivekitAgentsLivekitAgentsTaskDefinitionTaskRoleF0FD00F9",
      ],
      "Properties": {
        "GroupDescription": "MyTestStack/LivekitAgents/LivekitAgentsService/SecurityGroup",
        "SecurityGroupEgress": [
          {
            "CidrIp": "0.0.0.0/0",
            "Description": "Allow all outbound traffic by default",
            "IpProtocol": "-1",
          },
        ],
        "Tags": [
          {
            "Key": "GitRepository",
            "Value": "https://github.com/anjanipangal/artemis-cdk",
          },
          {
            "Key": "Project",
            "Value": "Artemis",
          },
        ],
        "VpcId": {
          "Ref": "Vpc8378EB38",
        },
      },
      "Type": "AWS::EC2::SecurityGroup",
    },
    "LivekitAgentsLivekitAgentsTaskDefinitionB3B5C878": {
      "Properties": {
        "ContainerDefinitions": [
          {
            "Environment": [
              {
                "Name": "LIVEKIT_URL",
                "Value": "wss://livekit.dev.getartemishealth.com",
              },
              {
                "Name": "LIVEKIT_SECRET_NAME",
                "Value": {
                  "Fn::Select": [
                    0,
                    {
                      "Fn::Split": [
                        "-",
                        {
                          "Fn::Select": [
                            6,
                            {
                              "Fn::Split": [
                                ":",
                                {
                                  "Ref": "LivekitServerLivekitServerSecretBB774CEF",
                                },
                              ],
                            },
                          ],
                        },
                      ],
                    },
                  ],
                },
              },
              {
                "Name": "AWS_BEDROCK_REGION",
                "Value": "us-east-1",
              },
              {
                "Name": "LIVEKIT_AGENT_NAME",
                "Value": "artemis-agent",
              },
            ],
            "Essential": true,
            "HealthCheck": {
              "Command": [
                "CMD-SHELL",
                "curl -f http://localhost:8081/ || exit 1",
              ],
              "Interval": 30,
              "Retries": 3,
              "StartPeriod": 60,
              "Timeout": 5,
            },
            "Image": Any<Object>,
            "LogConfiguration": {
              "LogDriver": "awslogs",
              "Options": {
                "awslogs-group": {
                  "Ref": "LivekitAgentsLivekitAgentsTaskDefinitionLivekitAgentsLogGroupC1E2B109",
                },
                "awslogs-region": "us-west-1",
                "awslogs-stream-prefix": "livekit-agents",
              },
            },
            "Name": "livekit-agents",
            "PortMappings": [
              {
                "ContainerPort": 8081,
                "Protocol": "tcp",
              },
            ],
            "Secrets": [
              {
                "Name": "LIVEKIT_API_KEY",
                "ValueFrom": {
                  "Fn::Join": [
                    "",
                    [
                      {
                        "Ref": "LivekitServerLivekitServerSecretBB774CEF",
                      },
                      ":api_key::",
                    ],
                  ],
                },
              },
              {
                "Name": "LIVEKIT_API_SECRET",
                "ValueFrom": {
                  "Fn::Join": [
                    "",
                    [
                      {
                        "Ref": "LivekitServerLivekitServerSecretBB774CEF",
                      },
                      ":api_secret::",
                    ],
                  ],
                },
              },
            ],
            "StopTimeout": 120,
          },
        ],
        "Cpu": "1024",
        "ExecutionRoleArn": {
          "Fn::GetAtt": [
            "LivekitAgentsLivekitAgentsTaskDefinitionExecutionRoleFEA48FC6",
            "Arn",
          ],
        },
        "Family": "artemis-livekit-agents",
        "Memory": "2048",
        "NetworkMode": "awsvpc",
        "RequiresCompatibilities": [
          "FARGATE",
        ],
        "RuntimePlatform": {
          "CpuArchitecture": "ARM64",
          "OperatingSystemFamily": "LINUX",
        },
        "Tags": [
          {
            "Key": "GitRepository",
            "Value": "https://github.com/anjanipangal/artemis-cdk",
          },
          {
            "Key": "Project",
            "Value": "Artemis",
          },
        ],
        "TaskRoleArn": {
          "Fn::GetAtt": [
            "LivekitAgentsLivekitAgentsTaskDefinitionTaskRoleF0FD00F9",
            "Arn",
          ],
        },
      },
      "Type": "AWS::ECS::TaskDefinition",
    },
    "LivekitAgentsLivekitAgentsTaskDefinitionExecutionRoleDefaultPolicy217E2735": {
      "Properties": {
        "PolicyDocument": {
          "Statement": [
            {
              "Action": [
                "ecr:BatchCheckLayerAvailability",
                "ecr:GetDownloadUrlForLayer",
                "ecr:BatchGetImage",
              ],
              "Effect": "Allow",
              "Resource": {
                "Fn::ImportValue": "MyTestAssetsStack:ExportsOutputFnGetAttRepository22E53BBDArn3AD4E30B",
              },
            },
            {
              "Action": "ecr:GetAuthorizationToken",
              "Effect": "Allow",
              "Resource": "*",
            },
            {
              "Action": [
                "logs:CreateLogStream",
                "logs:PutLogEvents",
              ],
              "Effect": "Allow",
              "Resource": {
                "Fn::GetAtt": [
                  "LivekitAgentsLivekitAgentsTaskDefinitionLivekitAgentsLogGroupC1E2B109",
                  "Arn",
                ],
              },
            },
            {
              "Action": [
                "secretsmanager:GetSecretValue",
                "secretsmanager:DescribeSecret",
              ],
              "Effect": "Allow",
              "Resource": {
                "Ref": "LivekitServerLivekitServerSecretBB774CEF",
              },
            },
          ],
          "Version": "2012-10-17",
        },
        "PolicyName": "LivekitAgentsLivekitAgentsTaskDefinitionExecutionRoleDefaultPolicy217E2735",
        "Roles": [
          {
            "Ref": "LivekitAgentsLivekitAgentsTaskDefinitionExecutionRoleFEA48FC6",
          },
        ],
      },
      "Type": "AWS::IAM::Policy",
    },
    "LivekitAgentsLivekitAgentsTaskDefinitionExecutionRoleFEA48FC6": {
      "Properties": {
        "AssumeRolePolicyDocument": {
          "Statement": [
            {
              "Action": "sts:AssumeRole",
              "Effect": "Allow",
              "Principal": {
                "Service": "ecs-tasks.amazonaws.com",
              },
            },
          ],
          "Version": "2012-10-17",
        },
        "Tags": [
          {
            "Key": "GitRepository",
            "Value": "https://github.com/anjanipangal/artemis-cdk",
          },
          {
            "Key": "Project",
            "Value": "Artemis",
          },
        ],
      },
      "Type": "AWS::IAM::Role",
    },
    "LivekitAgentsLivekitAgentsTaskDefinitionLivekitAgentsLogGroupC1E2B109": {
      "DeletionPolicy": "Retain",
      "Properties": {
        "RetentionInDays": 180,
        "Tags": [
          {
            "Key": "GitRepository",
            "Value": "https://github.com/anjanipangal/artemis-cdk",
          },
          {
            "Key": "Project",
            "Value": "Artemis",
          },
        ],
      },
      "Type": "AWS::Logs::LogGroup",
      "UpdateReplacePolicy": "Retain",
    },
    "LivekitAgentsLivekitAgentsTaskDefinitionTaskRoleDefaultPolicy29B7ECC8": {
      "Properties": {
        "PolicyDocument": {
          "Statement": [
            {
              "Action": [
                "secretsmanager:GetSecretValue",
                "secretsmanager:DescribeSecret",
              ],
              "Effect": "Allow",
              "Resource": {
                "Ref": "LivekitServerLivekitServerSecretBB774CEF",
              },
            },
            {
              "Action": [
                "bedrock:InvokeModel",
                "bedrock:InvokeModelWithResponseStream",
                "bedrock:InvokeModelWithBidirectionalStream",
              ],
              "Effect": "Allow",
              "Resource": "arn:aws:bedrock:us-east-1::foundation-model/amazon.nova-2-sonic-v1:0",
            },
          ],
          "Version": "2012-10-17",
        },
        "PolicyName": "LivekitAgentsLivekitAgentsTaskDefinitionTaskRoleDefaultPolicy29B7ECC8",
        "Roles": [
          {
            "Ref": "LivekitAgentsLivekitAgentsTaskDefinitionTaskRoleF0FD00F9",
          },
        ],
      },
      "Type": "AWS::IAM::Policy",
    },
    "LivekitAgentsLivekitAgentsTaskDefinitionTaskRoleF0FD00F9": {
      "Properties": {
        "AssumeRolePolicyDocument": {
          "Statement": [
            {
              "Action": "sts:AssumeRole",
              "Effect": "Allow",
              "Principal": {
                "Service": "ecs-tasks.amazonaws.com",
              },
            },
          ],
          "Version": "2012-10-17",
        },
        "Tags": [
          {
            "Key": "GitRepository",
            "Value": "https://github.com/anjanipangal/artemis-cdk",
          },
          {
            "Key": "Project",
            "Value": "Artemis",
          },
        ],
      },
      "Type": "AWS::IAM::Role",
    },
    "LivekitServerLivekitServerDnsRecord2A13A154": {
      "Properties": {
        "AliasTarget": {
          "DNSName": {
            "Fn::Join": [
              "",
              [
                "dualstack.",
                {
                  "Fn::GetAtt": [
                    "Alb16C2F182",
                    "DNSName",
                  ],
                },
              ],
            ],
          },
          "HostedZoneId": {
            "Fn::GetAtt": [
              "Alb16C2F182",
              "CanonicalHostedZoneID",
            ],
          },
        },
        "HostedZoneId": "DUMMY",
        "Name": "livekit.dev.getartemishealth.com.",
        "Type": "A",
      },
      "Type": "AWS::Route53::RecordSet",
    },
    "LivekitServerLivekitServerListenerRule6890CD28": {
      "Properties": {
        "Actions": [
          {
            "TargetGroupArn": {
              "Ref": "LivekitServerLivekitServerTargetGroupE3BD5D45",
            },
            "Type": "forward",
          },
        ],
        "Conditions": [
          {
            "Field": "host-header",
            "HostHeaderConfig": {
              "Values": [
                "livekit.dev.getartemishealth.com",
              ],
            },
          },
        ],
        "ListenerArn": {
          "Ref": "AlbHttpsListener2ADA614F",
        },
        "Priority": 10,
      },
      "Type": "AWS::ElasticLoadBalancingV2::ListenerRule",
    },
    "LivekitServerLivekitServerSecretBB774CEF": {
      "DeletionPolicy": "Delete",
      "Properties": {
        "Description": "LiveKit API key and secret",
        "GenerateSecretString": {
          "ExcludePunctuation": true,
          "GenerateStringKey": "api_secret",
          "PasswordLength": 64,
          "SecretStringTemplate": "{"api_key":"artemis-dev-livekit"}",
        },
        "Name": "dev/artemis/livekit",
        "Tags": [
          {
            "Key": "GitRepository",
            "Value": "https://github.com/anjanipangal/artemis-cdk",
          },
          {
            "Key": "Project",
            "Value": "Artemis",
          },
        ],
      },
      "Type": "AWS::SecretsManager::Secret",
      "UpdateReplacePolicy": "Delete",
    },
    "LivekitServerLivekitServerService442AF1EF": {
      "DependsOn": [
        "LivekitServerLivekitServerListenerRule6890CD28",
        "LivekitServerLivekitServerTaskDefinitionTaskRoleDefaultPolicy462C5DA5",
        "LivekitServerLivekitServerTaskDefinitionTaskRole5A7BC154",
      ],
      "Properties": {
        "Cluster": {
          "Ref": "ClusterEB0386A7",
        },
        "DeploymentConfiguration": {
          "Alarms": {
            "AlarmNames": [],
            "Enable": false,
            "Rollback": false,
          },
          "DeploymentCircuitBreaker": {
            "Enable": true,
            "Rollback": true,
          },
          "MaximumPercent": 200,
          "MinimumHealthyPercent": 50,
        },
        "DeploymentController": {
          "Type": "ECS",
        },
        "DesiredCount": 1,
        "EnableECSManagedTags": false,
        "HealthCheckGracePeriodSeconds": 120,
        "LaunchType": "FARGATE",
        "LoadBalancers": [
          {
            "ContainerName": "livekit-server",
            "ContainerPort": 7880,
            "TargetGroupArn": {
              "Ref": "LivekitServerLivekitServerTargetGroupE3BD5D45",
            },
          },
        ],
        "NetworkConfiguration": {
          "AwsvpcConfiguration": {
            "AssignPublicIp": "ENABLED",
            "SecurityGroups": [
              {
                "Fn::GetAtt": [
                  "LivekitServerLivekitServerServiceSecurityGroup8C2CAD09",
                  "GroupId",
                ],
              },
            ],
            "Subnets": [
              {
                "Ref": "VpcpublicSubnet1Subnet2BB74ED7",
              },
              {
                "Ref": "VpcpublicSubnet2SubnetE34B022A",
              },
              {
                "Ref": "VpcpublicSubnet3SubnetDFEF064A",
              },
            ],
          },
        },
        "ServiceName": "artemis-livekit-server",
        "Tags": [
          {
            "Key": "GitRepository",
            "Value": "https://github.com/anjanipangal/artemis-cdk",
          },
          {
            "Key": "Project",
            "Value": "Artemis",
          },
        ],
        "TaskDefinition": {
          "Ref": "LivekitServerLivekitServerTaskDefinition9190B00D",
        },
      },
      "Type": "AWS::ECS::Service",
    },
    "LivekitServerLivekitServerServiceSecurityGroup8C2CAD09": {
      "DependsOn": [
        "LivekitServerLivekitServerTaskDefinitionTaskRoleDefaultPolicy462C5DA5",
        "LivekitServerLivekitServerTaskDefinitionTaskRole5A7BC154",
      ],
      "Properties": {
        "GroupDescription": "MyTestStack/LivekitServer/LivekitServerService/SecurityGroup",
        "SecurityGroupEgress": [
          {
            "CidrIp": "0.0.0.0/0",
            "Description": "Allow all outbound traffic by default",
            "IpProtocol": "-1",
          },
        ],
        "SecurityGroupIngress": [
          {
            "CidrIp": "0.0.0.0/0",
            "Description": "WebRTC TCP signaling",
            "FromPort": 7881,
            "IpProtocol": "tcp",
            "ToPort": 7881,
          },
          {
            "CidrIp": "0.0.0.0/0",
            "Description": "WebRTC UDP media",
            "FromPort": 50000,
            "IpProtocol": "udp",
            "ToPort": 60000,
          },
        ],
        "Tags": [
          {
            "Key": "GitRepository",
            "Value": "https://github.com/anjanipangal/artemis-cdk",
          },
          {
            "Key": "Project",
            "Value": "Artemis",
          },
        ],
        "VpcId": {
          "Ref": "Vpc8378EB38",
        },
      },
      "Type": "AWS::EC2::SecurityGroup",
    },
    "LivekitServerLivekitServerServiceSecurityGroupfromMyTestStackAlbSecurityGroup4C92DBCC7880BA47D671": {
      "DependsOn": [
        "LivekitServerLivekitServerTaskDefinitionTaskRoleDefaultPolicy462C5DA5",
        "LivekitServerLivekitServerTaskDefinitionTaskRole5A7BC154",
      ],
      "Properties": {
        "Description": "Load balancer to target",
        "FromPort": 7880,
        "GroupId": {
          "Fn::GetAtt": [
            "LivekitServerLivekitServerServiceSecurityGroup8C2CAD09",
            "GroupId",
          ],
        },
        "IpProtocol": "tcp",
        "SourceSecurityGroupId": {
          "Fn::GetAtt": [
            "AlbSecurityGroup580F65A6",
            "GroupId",
          ],
        },
        "ToPort": 7880,
      },
      "Type": "AWS::EC2::SecurityGroupIngress",
    },
    "LivekitServerLivekitServerTargetGroupE3BD5D45": {
      "Properties": {
        "HealthCheckIntervalSeconds": 15,
        "HealthCheckPath": "/",
        "HealthCheckPort": "7880",
        "HealthCheckProtocol": "HTTP",
        "HealthCheckTimeoutSeconds": 5,
        "HealthyThresholdCount": 2,
        "Port": 7880,
        "Protocol": "HTTP",
        "Tags": [
          {
            "Key": "GitRepository",
            "Value": "https://github.com/anjanipangal/artemis-cdk",
          },
          {
            "Key": "Project",
            "Value": "Artemis",
          },
        ],
        "TargetGroupAttributes": [
          {
            "Key": "stickiness.enabled",
            "Value": "false",
          },
        ],
        "TargetType": "ip",
        "UnhealthyThresholdCount": 3,
        "VpcId": {
          "Ref": "Vpc8378EB38",
        },
      },
      "Type": "AWS::ElasticLoadBalancingV2::TargetGroup",
    },
    "LivekitServerLivekitServerTaskDefinition9190B00D": {
      "Properties": {
        "ContainerDefinitions": [
          {
            "Command": [
              "/livekit-server --keys "$LIVEKIT_API_KEY: $LIVEKIT_API_SECRET" --redis-password "$VALKEY_AUTH_TOKEN"",
            ],
            "EntryPoint": [
              "/bin/sh",
              "-c",
            ],
            "Environment": [
              {
                "Name": "LIVEKIT_CONFIG",
                "Value": {
                  "Fn::Join": [
                    "",
                    [
                      "port: 7880
rtc:
  port_range_start: 50000
  port_range_end: 60000
  tcp_port: 7881
  use_external_ip: true
redis:
  address: ",
                      {
                        "Fn::GetAtt": [
                          "ValkeyValkeyReplicationGroup51EE0E56",
                          "PrimaryEndPoint.Address",
                        ],
                      },
                      ":",
                      {
                        "Fn::GetAtt": [
                          "ValkeyValkeyReplicationGroup51EE0E56",
                          "PrimaryEndPoint.Port",
                        ],
                      },
                      "
  use_tls: true",
                    ],
                  ],
                },
              },
            ],
            "Essential": true,
            "HealthCheck": {
              "Command": [
                "CMD-SHELL",
                "wget --spider -q http://localhost:7880/ || exit 1",
              ],
              "Interval": 30,
              "Retries": 3,
              "StartPeriod": 60,
              "Timeout": 5,
            },
            "Image": Any<Object>,
            "LogConfiguration": {
              "LogDriver": "awslogs",
              "Options": {
                "awslogs-group": {
                  "Ref": "LivekitServerLivekitServerTaskDefinitionLivekitServerLogGroup0F118A2E",
                },
                "awslogs-region": "us-west-1",
                "awslogs-stream-prefix": "livekit-server",
              },
            },
            "Name": "livekit-server",
            "PortMappings": [
              {
                "ContainerPort": 7880,
                "Protocol": "tcp",
              },
              {
                "ContainerPort": 7881,
                "Protocol": "tcp",
              },
              {
                "ContainerPortRange": "50000-60000",
                "Protocol": "udp",
              },
            ],
            "Secrets": [
              {
                "Name": "LIVEKIT_API_KEY",
                "ValueFrom": {
                  "Fn::Join": [
                    "",
                    [
                      {
                        "Ref": "LivekitServerLivekitServerSecretBB774CEF",
                      },
                      ":api_key::",
                    ],
                  ],
                },
              },
              {
                "Name": "LIVEKIT_API_SECRET",
                "ValueFrom": {
                  "Fn::Join": [
                    "",
                    [
                      {
                        "Ref": "LivekitServerLivekitServerSecretBB774CEF",
                      },
                      ":api_secret::",
                    ],
                  ],
                },
              },
              {
                "Name": "VALKEY_AUTH_TOKEN",
                "ValueFrom": {
                  "Ref": "ValkeyValkeyAuthSecret5D61F4E5",
                },
              },
            ],
            "StopTimeout": 120,
          },
        ],
        "Cpu": "1024",
        "ExecutionRoleArn": {
          "Fn::GetAtt": [
            "LivekitServerLivekitServerTaskDefinitionExecutionRoleDB32E3D5",
            "Arn",
          ],
        },
        "Family": "artemis-livekit-server",
        "Memory": "2048",
        "NetworkMode": "awsvpc",
        "RequiresCompatibilities": [
          "FARGATE",
        ],
        "RuntimePlatform": {
          "CpuArchitecture": "ARM64",
          "OperatingSystemFamily": "LINUX",
        },
        "Tags": [
          {
            "Key": "GitRepository",
            "Value": "https://github.com/anjanipangal/artemis-cdk",
          },
          {
            "Key": "Project",
            "Value": "Artemis",
          },
        ],
        "TaskRoleArn": {
          "Fn::GetAtt": [
            "LivekitServerLivekitServerTaskDefinitionTaskRole5A7BC154",
            "Arn",
          ],
        },
      },
      "Type": "AWS::ECS::TaskDefinition",
    },
    "LivekitServerLivekitServerTaskDefinitionExecutionRoleDB32E3D5": {
      "Properties": {
        "AssumeRolePolicyDocument": {
          "Statement": [
            {
              "Action": "sts:AssumeRole",
              "Effect": "Allow",
              "Principal": {
                "Service": "ecs-tasks.amazonaws.com",
              },
            },
          ],
          "Version": "2012-10-17",
        },
        "Tags": [
          {
            "Key": "GitRepository",
            "Value": "https://github.com/anjanipangal/artemis-cdk",
          },
          {
            "Key": "Project",
            "Value": "Artemis",
          },
        ],
      },
      "Type": "AWS::IAM::Role",
    },
    "LivekitServerLivekitServerTaskDefinitionExecutionRoleDefaultPolicyF85072EF": {
      "Properties": {
        "PolicyDocument": {
          "Statement": [
            {
              "Action": [
                "logs:CreateLogStream",
                "logs:PutLogEvents",
              ],
              "Effect": "Allow",
              "Resource": {
                "Fn::GetAtt": [
                  "LivekitServerLivekitServerTaskDefinitionLivekitServerLogGroup0F118A2E",
                  "Arn",
                ],
              },
            },
            {
              "Action": [
                "secretsmanager:GetSecretValue",
                "secretsmanager:DescribeSecret",
              ],
              "Effect": "Allow",
              "Resource": {
                "Ref": "LivekitServerLivekitServerSecretBB774CEF",
              },
            },
            {
              "Action": [
                "secretsmanager:GetSecretValue",
                "secretsmanager:DescribeSecret",
              ],
              "Effect": "Allow",
              "Resource": {
                "Ref": "ValkeyValkeyAuthSecret5D61F4E5",
              },
            },
          ],
          "Version": "2012-10-17",
        },
        "PolicyName": "LivekitServerLivekitServerTaskDefinitionExecutionRoleDefaultPolicyF85072EF",
        "Roles": [
          {
            "Ref": "LivekitServerLivekitServerTaskDefinitionExecutionRoleDB32E3D5",
          },
        ],
      },
      "Type": "AWS::IAM::Policy",
    },
    "LivekitServerLivekitServerTaskDefinitionLivekitServerLogGroup0F118A2E": {
      "DeletionPolicy": "Retain",
      "Properties": {
        "RetentionInDays": 180,
        "Tags": [
          {
            "Key": "GitRepository",
            "Value": "https://github.com/anjanipangal/artemis-cdk",
          },
          {
            "Key": "Project",
            "Value": "Artemis",
          },
        ],
      },
      "Type": "AWS::Logs::LogGroup",
      "UpdateReplacePolicy": "Retain",
    },
    "LivekitServerLivekitServerTaskDefinitionTaskRole5A7BC154": {
      "Properties": {
        "AssumeRolePolicyDocument": {
          "Statement": [
            {
              "Action": "sts:AssumeRole",
              "Effect": "Allow",
              "Principal": {
                "Service": "ecs-tasks.amazonaws.com",
              },
            },
          ],
          "Version": "2012-10-17",
        },
        "Tags": [
          {
            "Key": "GitRepository",
            "Value": "https://github.com/anjanipangal/artemis-cdk",
          },
          {
            "Key": "Project",
            "Value": "Artemis",
          },
        ],
      },
      "Type": "AWS::IAM::Role",
    },
    "LivekitServerLivekitServerTaskDefinitionTaskRoleDefaultPolicy462C5DA5": {
      "Properties": {
        "PolicyDocument": {
          "Statement": [
            {
              "Action": [
                "secretsmanager:GetSecretValue",
                "secretsmanager:DescribeSecret",
              ],
              "Effect": "Allow",
              "Resource": {
                "Ref": "LivekitServerLivekitServerSecretBB774CEF",
              },
            },
            {
              "Action": [
                "secretsmanager:GetSecretValue",
                "secretsmanager:DescribeSecret",
              ],
              "Effect": "Allow",
              "Resource": {
                "Ref": "ValkeyValkeyAuthSecret5D61F4E5",
              },
            },
          ],
          "Version": "2012-10-17",
        },
        "PolicyName": "LivekitServerLivekitServerTaskDefinitionTaskRoleDefaultPolicy462C5DA5",
        "Roles": [
          {
            "Ref": "LivekitServerLivekitServerTaskDefinitionTaskRole5A7BC154",
          },
        ],
      },
      "Type": "AWS::IAM::Policy",
    },
    "LivekitSipLivekitSipDnsRecord34ABBDDD": {
      "Properties": {
        "AliasTarget": {
          "DNSName": {
            "Fn::Join": [
              "",
              [
                "dualstack.",
                {
                  "Fn::GetAtt": [
                    "NlbBCDB97FE",
                    "DNSName",
                  ],
                },
              ],
            ],
          },
          "HostedZoneId": {
            "Fn::GetAtt": [
              "NlbBCDB97FE",
              "CanonicalHostedZoneID",
            ],
          },
        },
        "HostedZoneId": "DUMMY",
        "Name": "sip.dev.getartemishealth.com.",
        "Type": "A",
      },
      "Type": "AWS::Route53::RecordSet",
    },
    "LivekitSipLivekitSipService9A8D63F9": {
      "DependsOn": [
        "LivekitSipLivekitSipTaskDefinitionTaskRoleDefaultPolicyB071173D",
        "LivekitSipLivekitSipTaskDefinitionTaskRoleC063011A",
        "NlbLivekitSipTcpUdpListener741ABF6E",
        "NlbLivekitSipTlsListenerAEC8CCB5",
      ],
      "Properties": {
        "Cluster": {
          "Ref": "ClusterEB0386A7",
        },
        "DeploymentConfiguration": {
          "Alarms": {
            "AlarmNames": [],
            "Enable": false,
            "Rollback": false,
          },
          "DeploymentCircuitBreaker": {
            "Enable": true,
            "Rollback": true,
          },
          "MaximumPercent": 200,
          "MinimumHealthyPercent": 50,
        },
        "DeploymentController": {
          "Type": "ECS",
        },
        "DesiredCount": 1,
        "EnableECSManagedTags": false,
        "HealthCheckGracePeriodSeconds": 60,
        "LaunchType": "FARGATE",
        "LoadBalancers": [
          {
            "ContainerName": "livekit-sip",
            "ContainerPort": 5060,
            "TargetGroupArn": {
              "Ref": "LivekitSipLivekitSipTg5060163E3675",
            },
          },
          {
            "ContainerName": "livekit-sip",
            "ContainerPort": 5061,
            "TargetGroupArn": {
              "Ref": "LivekitSipLivekitSipTg5061341FA1F3",
            },
          },
        ],
        "NetworkConfiguration": {
          "AwsvpcConfiguration": {
            "AssignPublicIp": "ENABLED",
            "SecurityGroups": [
              {
                "Fn::GetAtt": [
                  "LivekitSipLivekitSipServiceSecurityGroup1060688D",
                  "GroupId",
                ],
              },
            ],
            "Subnets": [
              {
                "Ref": "VpcpublicSubnet1Subnet2BB74ED7",
              },
              {
                "Ref": "VpcpublicSubnet2SubnetE34B022A",
              },
              {
                "Ref": "VpcpublicSubnet3SubnetDFEF064A",
              },
            ],
          },
        },
        "ServiceName": "artemis-livekit-sip",
        "Tags": [
          {
            "Key": "GitRepository",
            "Value": "https://github.com/anjanipangal/artemis-cdk",
          },
          {
            "Key": "Project",
            "Value": "Artemis",
          },
        ],
        "TaskDefinition": {
          "Ref": "LivekitSipLivekitSipTaskDefinitionB0791AA6",
        },
      },
      "Type": "AWS::ECS::Service",
    },
    "LivekitSipLivekitSipServiceSecurityGroup1060688D": {
      "DependsOn": [
        "LivekitSipLivekitSipTaskDefinitionTaskRoleDefaultPolicyB071173D",
        "LivekitSipLivekitSipTaskDefinitionTaskRoleC063011A",
      ],
      "Properties": {
        "GroupDescription": "MyTestStack/LivekitSip/LivekitSipService/SecurityGroup",
        "SecurityGroupEgress": [
          {
            "CidrIp": "0.0.0.0/0",
            "Description": "Allow all outbound traffic by default",
            "IpProtocol": "-1",
          },
        ],
        "SecurityGroupIngress": [
          {
            "CidrIp": "54.172.60.0/30",
            "Description": "SIP TCP from 54.172.60.0/30",
            "FromPort": 5060,
            "IpProtocol": "tcp",
            "ToPort": 5060,
          },
          {
            "CidrIp": "54.172.60.0/30",
            "Description": "SIP UDP from 54.172.60.0/30",
            "FromPort": 5060,
            "IpProtocol": "udp",
            "ToPort": 5060,
          },
          {
            "CidrIp": "54.172.60.0/30",
            "Description": "SIP TLS from 54.172.60.0/30",
            "FromPort": 5061,
            "IpProtocol": "tcp",
            "ToPort": 5061,
          },
          {
            "CidrIp": "54.244.51.0/30",
            "Description": "SIP TCP from 54.244.51.0/30",
            "FromPort": 5060,
            "IpProtocol": "tcp",
            "ToPort": 5060,
          },
          {
            "CidrIp": "54.244.51.0/30",
            "Description": "SIP UDP from 54.244.51.0/30",
            "FromPort": 5060,
            "IpProtocol": "udp",
            "ToPort": 5060,
          },
          {
            "CidrIp": "54.244.51.0/30",
            "Description": "SIP TLS from 54.244.51.0/30",
            "FromPort": 5061,
            "IpProtocol": "tcp",
            "ToPort": 5061,
          },
          {
            "CidrIp": "54.171.127.192/30",
            "Description": "SIP TCP from 54.171.127.192/30",
            "FromPort": 5060,
            "IpProtocol": "tcp",
            "ToPort": 5060,
          },
          {
            "CidrIp": "54.171.127.192/30",
            "Description": "SIP UDP from 54.171.127.192/30",
            "FromPort": 5060,
            "IpProtocol": "udp",
            "ToPort": 5060,
          },
          {
            "CidrIp": "54.171.127.192/30",
            "Description": "SIP TLS from 54.171.127.192/30",
            "FromPort": 5061,
            "IpProtocol": "tcp",
            "ToPort": 5061,
          },
          {
            "CidrIp": "35.156.191.128/30",
            "Description": "SIP TCP from 35.156.191.128/30",
            "FromPort": 5060,
            "IpProtocol": "tcp",
            "ToPort": 5060,
          },
          {
            "CidrIp": "35.156.191.128/30",
            "Description": "SIP UDP from 35.156.191.128/30",
            "FromPort": 5060,
            "IpProtocol": "udp",
            "ToPort": 5060,
          },
          {
            "CidrIp": "35.156.191.128/30",
            "Description": "SIP TLS from 35.156.191.128/30",
            "FromPort": 5061,
            "IpProtocol": "tcp",
            "ToPort": 5061,
          },
          {
            "CidrIp": "54.65.63.192/30",
            "Description": "SIP TCP from 54.65.63.192/30",
            "FromPort": 5060,
            "IpProtocol": "tcp",
            "ToPort": 5060,
          },
          {
            "CidrIp": "54.65.63.192/30",
            "Description": "SIP UDP from 54.65.63.192/30",
            "FromPort": 5060,
            "IpProtocol": "udp",
            "ToPort": 5060,
          },
          {
            "CidrIp": "54.65.63.192/30",
            "Description": "SIP TLS from 54.65.63.192/30",
            "FromPort": 5061,
            "IpProtocol": "tcp",
            "ToPort": 5061,
          },
          {
            "CidrIp": "54.169.127.128/30",
            "Description": "SIP TCP from 54.169.127.128/30",
            "FromPort": 5060,
            "IpProtocol": "tcp",
            "ToPort": 5060,
          },
          {
            "CidrIp": "54.169.127.128/30",
            "Description": "SIP UDP from 54.169.127.128/30",
            "FromPort": 5060,
            "IpProtocol": "udp",
            "ToPort": 5060,
          },
          {
            "CidrIp": "54.169.127.128/30",
            "Description": "SIP TLS from 54.169.127.128/30",
            "FromPort": 5061,
            "IpProtocol": "tcp",
            "ToPort": 5061,
          },
          {
            "CidrIp": "54.252.254.64/30",
            "Description": "SIP TCP from 54.252.254.64/30",
            "FromPort": 5060,
            "IpProtocol": "tcp",
            "ToPort": 5060,
          },
          {
            "CidrIp": "54.252.254.64/30",
            "Description": "SIP UDP from 54.252.254.64/30",
            "FromPort": 5060,
            "IpProtocol": "udp",
            "ToPort": 5060,
          },
          {
            "CidrIp": "54.252.254.64/30",
            "Description": "SIP TLS from 54.252.254.64/30",
            "FromPort": 5061,
            "IpProtocol": "tcp",
            "ToPort": 5061,
          },
          {
            "CidrIp": "177.71.206.192/30",
            "Description": "SIP TCP from 177.71.206.192/30",
            "FromPort": 5060,
            "IpProtocol": "tcp",
            "ToPort": 5060,
          },
          {
            "CidrIp": "177.71.206.192/30",
            "Description": "SIP UDP from 177.71.206.192/30",
            "FromPort": 5060,
            "IpProtocol": "udp",
            "ToPort": 5060,
          },
          {
            "CidrIp": "177.71.206.192/30",
            "Description": "SIP TLS from 177.71.206.192/30",
            "FromPort": 5061,
            "IpProtocol": "tcp",
            "ToPort": 5061,
          },
          {
            "CidrIp": "168.86.128.0/18",
            "Description": "RTP UDP from 168.86.128.0/18",
            "FromPort": 10000,
            "IpProtocol": "udp",
            "ToPort": 60000,
          },
        ],
        "Tags": [
          {
            "Key": "GitRepository",
            "Value": "https://github.com/anjanipangal/artemis-cdk",
          },
          {
            "Key": "Project",
            "Value": "Artemis",
          },
        ],
        "VpcId": {
          "Ref": "Vpc8378EB38",
        },
      },
      "Type": "AWS::EC2::SecurityGroup",
    },
    "LivekitSipLivekitSipTaskDefinitionB0791AA6": {
      "Properties": {
        "ContainerDefinitions": [
          {
            "Command": [
              "livekit-sip --config-body "$SIP_CONFIG_BODY$(printf '\\n  password: %s' "$VALKEY_AUTH_TOKEN")"",
            ],
            "EntryPoint": [
              "/bin/sh",
              "-c",
            ],
            "Environment": [
              {
                "Name": "SIP_CONFIG_BODY",
                "Value": {
                  "Fn::Join": [
                    "",
                    [
                      "sip_port: 5060
tls_port: 5061
rtp_port: 10000-60000
use_external_ip: true
health_port: 8080
ws_url: wss://livekit.dev.getartemishealth.com
redis:
  address: ",
                      {
                        "Fn::GetAtt": [
                          "ValkeyValkeyReplicationGroup51EE0E56",
                          "PrimaryEndPoint.Address",
                        ],
                      },
                      ":",
                      {
                        "Fn::GetAtt": [
                          "ValkeyValkeyReplicationGroup51EE0E56",
                          "PrimaryEndPoint.Port",
                        ],
                      },
                      "
  use_tls: true",
                    ],
                  ],
                },
              },
            ],
            "Essential": true,
            "HealthCheck": {
              "Command": [
                "CMD-SHELL",
                "bash -c 'echo > /dev/tcp/localhost/8080' || exit 1",
              ],
              "Interval": 30,
              "Retries": 3,
              "StartPeriod": 60,
              "Timeout": 5,
            },
            "Image": Any<Object>,
            "LogConfiguration": {
              "LogDriver": "awslogs",
              "Options": {
                "awslogs-group": {
                  "Ref": "LivekitSipLivekitSipTaskDefinitionLivekitSipLogGroupB6D38408",
                },
                "awslogs-region": "us-west-1",
                "awslogs-stream-prefix": "livekit-sip",
              },
            },
            "Name": "livekit-sip",
            "PortMappings": [
              {
                "ContainerPort": 5060,
                "Protocol": "tcp",
              },
              {
                "ContainerPort": 5061,
                "Protocol": "tcp",
              },
              {
                "ContainerPortRange": "10000-60000",
                "Protocol": "udp",
              },
              {
                "ContainerPort": 8080,
                "Protocol": "tcp",
              },
            ],
            "Secrets": [
              {
                "Name": "LIVEKIT_API_KEY",
                "ValueFrom": {
                  "Fn::Join": [
                    "",
                    [
                      {
                        "Ref": "LivekitServerLivekitServerSecretBB774CEF",
                      },
                      ":api_key::",
                    ],
                  ],
                },
              },
              {
                "Name": "LIVEKIT_API_SECRET",
                "ValueFrom": {
                  "Fn::Join": [
                    "",
                    [
                      {
                        "Ref": "LivekitServerLivekitServerSecretBB774CEF",
                      },
                      ":api_secret::",
                    ],
                  ],
                },
              },
              {
                "Name": "VALKEY_AUTH_TOKEN",
                "ValueFrom": {
                  "Ref": "ValkeyValkeyAuthSecret5D61F4E5",
                },
              },
            ],
            "StopTimeout": 120,
          },
        ],
        "Cpu": "1024",
        "ExecutionRoleArn": {
          "Fn::GetAtt": [
            "LivekitSipLivekitSipTaskDefinitionExecutionRoleCEC5F7BD",
            "Arn",
          ],
        },
        "Family": "artemis-livekit-sip",
        "Memory": "2048",
        "NetworkMode": "awsvpc",
        "RequiresCompatibilities": [
          "FARGATE",
        ],
        "RuntimePlatform": {
          "CpuArchitecture": "ARM64",
          "OperatingSystemFamily": "LINUX",
        },
        "Tags": [
          {
            "Key": "GitRepository",
            "Value": "https://github.com/anjanipangal/artemis-cdk",
          },
          {
            "Key": "Project",
            "Value": "Artemis",
          },
        ],
        "TaskRoleArn": {
          "Fn::GetAtt": [
            "LivekitSipLivekitSipTaskDefinitionTaskRoleC063011A",
            "Arn",
          ],
        },
      },
      "Type": "AWS::ECS::TaskDefinition",
    },
    "LivekitSipLivekitSipTaskDefinitionExecutionRoleCEC5F7BD": {
      "Properties": {
        "AssumeRolePolicyDocument": {
          "Statement": [
            {
              "Action": "sts:AssumeRole",
              "Effect": "Allow",
              "Principal": {
                "Service": "ecs-tasks.amazonaws.com",
              },
            },
          ],
          "Version": "2012-10-17",
        },
        "Tags": [
          {
            "Key": "GitRepository",
            "Value": "https://github.com/anjanipangal/artemis-cdk",
          },
          {
            "Key": "Project",
            "Value": "Artemis",
          },
        ],
      },
      "Type": "AWS::IAM::Role",
    },
    "LivekitSipLivekitSipTaskDefinitionExecutionRoleDefaultPolicyE4C4A53F": {
      "Properties": {
        "PolicyDocument": {
          "Statement": [
            {
              "Action": [
                "logs:CreateLogStream",
                "logs:PutLogEvents",
              ],
              "Effect": "Allow",
              "Resource": {
                "Fn::GetAtt": [
                  "LivekitSipLivekitSipTaskDefinitionLivekitSipLogGroupB6D38408",
                  "Arn",
                ],
              },
            },
            {
              "Action": [
                "secretsmanager:GetSecretValue",
                "secretsmanager:DescribeSecret",
              ],
              "Effect": "Allow",
              "Resource": {
                "Ref": "LivekitServerLivekitServerSecretBB774CEF",
              },
            },
            {
              "Action": [
                "secretsmanager:GetSecretValue",
                "secretsmanager:DescribeSecret",
              ],
              "Effect": "Allow",
              "Resource": {
                "Ref": "ValkeyValkeyAuthSecret5D61F4E5",
              },
            },
          ],
          "Version": "2012-10-17",
        },
        "PolicyName": "LivekitSipLivekitSipTaskDefinitionExecutionRoleDefaultPolicyE4C4A53F",
        "Roles": [
          {
            "Ref": "LivekitSipLivekitSipTaskDefinitionExecutionRoleCEC5F7BD",
          },
        ],
      },
      "Type": "AWS::IAM::Policy",
    },
    "LivekitSipLivekitSipTaskDefinitionLivekitSipLogGroupB6D38408": {
      "DeletionPolicy": "Retain",
      "Properties": {
        "RetentionInDays": 180,
        "Tags": [
          {
            "Key": "GitRepository",
            "Value": "https://github.com/anjanipangal/artemis-cdk",
          },
          {
            "Key": "Project",
            "Value": "Artemis",
          },
        ],
      },
      "Type": "AWS::Logs::LogGroup",
      "UpdateReplacePolicy": "Retain",
    },
    "LivekitSipLivekitSipTaskDefinitionTaskRoleC063011A": {
      "Properties": {
        "AssumeRolePolicyDocument": {
          "Statement": [
            {
              "Action": "sts:AssumeRole",
              "Effect": "Allow",
              "Principal": {
                "Service": "ecs-tasks.amazonaws.com",
              },
            },
          ],
          "Version": "2012-10-17",
        },
        "Tags": [
          {
            "Key": "GitRepository",
            "Value": "https://github.com/anjanipangal/artemis-cdk",
          },
          {
            "Key": "Project",
            "Value": "Artemis",
          },
        ],
      },
      "Type": "AWS::IAM::Role",
    },
    "LivekitSipLivekitSipTaskDefinitionTaskRoleDefaultPolicyB071173D": {
      "Properties": {
        "PolicyDocument": {
          "Statement": [
            {
              "Action": [
                "secretsmanager:GetSecretValue",
                "secretsmanager:DescribeSecret",
              ],
              "Effect": "Allow",
              "Resource": {
                "Ref": "LivekitServerLivekitServerSecretBB774CEF",
              },
            },
            {
              "Action": [
                "secretsmanager:GetSecretValue",
                "secretsmanager:DescribeSecret",
              ],
              "Effect": "Allow",
              "Resource": {
                "Ref": "ValkeyValkeyAuthSecret5D61F4E5",
              },
            },
          ],
          "Version": "2012-10-17",
        },
        "PolicyName": "LivekitSipLivekitSipTaskDefinitionTaskRoleDefaultPolicyB071173D",
        "Roles": [
          {
            "Ref": "LivekitSipLivekitSipTaskDefinitionTaskRoleC063011A",
          },
        ],
      },
      "Type": "AWS::IAM::Policy",
    },
    "LivekitSipLivekitSipTg5060163E3675": {
      "Properties": {
        "HealthCheckIntervalSeconds": 30,
        "HealthCheckPort": "8080",
        "HealthCheckProtocol": "TCP",
        "HealthyThresholdCount": 2,
        "Port": 5060,
        "Protocol": "TCP_UDP",
        "Tags": [
          {
            "Key": "GitRepository",
            "Value": "https://github.com/anjanipangal/artemis-cdk",
          },
          {
            "Key": "Project",
            "Value": "Artemis",
          },
        ],
        "TargetType": "ip",
        "UnhealthyThresholdCount": 3,
        "VpcId": {
          "Ref": "Vpc8378EB38",
        },
      },
      "Type": "AWS::ElasticLoadBalancingV2::TargetGroup",
    },
    "LivekitSipLivekitSipTg5061341FA1F3": {
      "Properties": {
        "HealthCheckIntervalSeconds": 30,
        "HealthCheckPort": "8080",
        "HealthCheckProtocol": "TCP",
        "HealthyThresholdCount": 2,
        "Port": 5061,
        "Protocol": "TCP",
        "Tags": [
          {
            "Key": "GitRepository",
            "Value": "https://github.com/anjanipangal/artemis-cdk",
          },
          {
            "Key": "Project",
            "Value": "Artemis",
          },
        ],
        "TargetType": "ip",
        "UnhealthyThresholdCount": 3,
        "VpcId": {
          "Ref": "Vpc8378EB38",
        },
      },
      "Type": "AWS::ElasticLoadBalancingV2::TargetGroup",
    },
    "NlbBCDB97FE": {
      "DependsOn": [
        "VpcpublicSubnet1DefaultRouteB88F9E93",
        "VpcpublicSubnet1RouteTableAssociation4E83B6E4",
        "VpcpublicSubnet2DefaultRoute732F0BEB",
        "VpcpublicSubnet2RouteTableAssociationCCE257FF",
        "VpcpublicSubnet3DefaultRouteA3904BF0",
        "VpcpublicSubnet3RouteTableAssociation61C43F88",
      ],
      "Properties": {
        "LoadBalancerAttributes": [
          {
            "Key": "deletion_protection.enabled",
            "Value": "false",
          },
          {
            "Key": "load_balancing.cross_zone.enabled",
            "Value": "false",
          },
        ],
        "Name": "dev-public-nlb-shared",
        "Scheme": "internet-facing",
        "Subnets": [
          {
            "Ref": "VpcpublicSubnet1Subnet2BB74ED7",
          },
          {
            "Ref": "VpcpublicSubnet2SubnetE34B022A",
          },
          {
            "Ref": "VpcpublicSubnet3SubnetDFEF064A",
          },
        ],
        "Tags": [
          {
            "Key": "GitRepository",
            "Value": "https://github.com/anjanipangal/artemis-cdk",
          },
          {
            "Key": "Project",
            "Value": "Artemis",
          },
        ],
        "Type": "network",
      },
      "Type": "AWS::ElasticLoadBalancingV2::LoadBalancer",
    },
    "NlbLivekitSipTcpUdpListener741ABF6E": {
      "Properties": {
        "DefaultActions": [
          {
            "TargetGroupArn": {
              "Ref": "LivekitSipLivekitSipTg5060163E3675",
            },
            "Type": "forward",
          },
        ],
        "LoadBalancerArn": {
          "Ref": "NlbBCDB97FE",
        },
        "Port": 5060,
        "Protocol": "TCP_UDP",
      },
      "Type": "AWS::ElasticLoadBalancingV2::Listener",
    },
    "NlbLivekitSipTlsListenerAEC8CCB5": {
      "Properties": {
        "DefaultActions": [
          {
            "TargetGroupArn": {
              "Ref": "LivekitSipLivekitSipTg5061341FA1F3",
            },
            "Type": "forward",
          },
        ],
        "LoadBalancerArn": {
          "Ref": "NlbBCDB97FE",
        },
        "Port": 5061,
        "Protocol": "TCP",
      },
      "Type": "AWS::ElasticLoadBalancingV2::Listener",
    },
    "SipConfigSipConfigFunctionB815D90D": {
      "DependsOn": [
        "SipConfigSipConfigFunctionServiceRoleDefaultPolicy36B7E145",
        "SipConfigSipConfigFunctionServiceRole6283B9ED",
      ],
      "Properties": {
        "Architectures": [
          "arm64",
        ],
        "Code": Any<Object>,
        "Description": "Manages LiveKit SIP outbound trunks via the LiveKit API.",
        "Environment": {
          "Variables": {
            "LIVEKIT_SECRET_ARN": {
              "Ref": "LivekitServerLivekitServerSecretBB774CEF",
            },
            "LIVEKIT_URL": "https://livekit.dev.getartemishealth.com",
          },
        },
        "FunctionName": "dev-sip-config",
        "LoggingConfig": {
          "LogGroup": {
            "Ref": "SipConfigSipConfigFunctionLogsA0B6ACE1",
          },
        },
        "MemorySize": 512,
        "PackageType": "Image",
        "Role": {
          "Fn::GetAtt": [
            "SipConfigSipConfigFunctionServiceRole6283B9ED",
            "Arn",
          ],
        },
        "Tags": [
          {
            "Key": "GitRepository",
            "Value": "https://github.com/anjanipangal/artemis-cdk",
          },
          {
            "Key": "Project",
            "Value": "Artemis",
          },
        ],
        "Timeout": 60,
      },
      "Type": "AWS::Lambda::Function",
    },
    "SipConfigSipConfigFunctionLogsA0B6ACE1": {
      "DeletionPolicy": "Delete",
      "Properties": {
        "RetentionInDays": 180,
        "Tags": [
          {
            "Key": "GitRepository",
            "Value": "https://github.com/anjanipangal/artemis-cdk",
          },
          {
            "Key": "Project",
            "Value": "Artemis",
          },
        ],
      },
      "Type": "AWS::Logs::LogGroup",
      "UpdateReplacePolicy": "Delete",
    },
    "SipConfigSipConfigFunctionServiceRole6283B9ED": {
      "Properties": {
        "AssumeRolePolicyDocument": {
          "Statement": [
            {
              "Action": "sts:AssumeRole",
              "Effect": "Allow",
              "Principal": {
                "Service": "lambda.amazonaws.com",
              },
            },
          ],
          "Version": "2012-10-17",
        },
        "ManagedPolicyArns": [
          {
            "Fn::Join": [
              "",
              [
                "arn:",
                {
                  "Ref": "AWS::Partition",
                },
                ":iam::aws:policy/service-role/AWSLambdaBasicExecutionRole",
              ],
            ],
          },
        ],
        "Tags": [
          {
            "Key": "GitRepository",
            "Value": "https://github.com/anjanipangal/artemis-cdk",
          },
          {
            "Key": "Project",
            "Value": "Artemis",
          },
        ],
      },
      "Type": "AWS::IAM::Role",
    },
    "SipConfigSipConfigFunctionServiceRoleDefaultPolicy36B7E145": {
      "Properties": {
        "PolicyDocument": {
          "Statement": [
            {
              "Action": [
                "secretsmanager:GetSecretValue",
                "secretsmanager:DescribeSecret",
              ],
              "Effect": "Allow",
              "Resource": {
                "Ref": "LivekitServerLivekitServerSecretBB774CEF",
              },
            },
            {
              "Action": [
                "secretsmanager:GetSecretValue",
                "secretsmanager:DescribeSecret",
              ],
              "Effect": "Allow",
              "Resource": {
                "Ref": "SipConfigTwilioCredentials3F5C672A",
              },
            },
          ],
          "Version": "2012-10-17",
        },
        "PolicyName": "SipConfigSipConfigFunctionServiceRoleDefaultPolicy36B7E145",
        "Roles": [
          {
            "Ref": "SipConfigSipConfigFunctionServiceRole6283B9ED",
          },
        ],
      },
      "Type": "AWS::IAM::Policy",
    },
    "SipConfigSipConfigProviderLogs4D1749A5": {
      "DeletionPolicy": "Delete",
      "Properties": {
        "RetentionInDays": 180,
        "Tags": [
          {
            "Key": "GitRepository",
            "Value": "https://github.com/anjanipangal/artemis-cdk",
          },
          {
            "Key": "Project",
            "Value": "Artemis",
          },
        ],
      },
      "Type": "AWS::Logs::LogGroup",
      "UpdateReplacePolicy": "Delete",
    },
    "SipConfigSipConfigProviderframeworkonEvent03C6B99F": {
      "DependsOn": [
        "SipConfigSipConfigProviderframeworkonEventServiceRoleDefaultPolicy4C1FF4E6",
        "SipConfigSipConfigProviderframeworkonEventServiceRole13765F3A",
      ],
      "Properties": {
        "Code": Any<Object>,
        "Description": "AWS CDK resource provider framework - onEvent (MyTestStack/SipConfig/SipConfigProvider)",
        "Environment": {
          "Variables": {
            "USER_ON_EVENT_FUNCTION_ARN": {
              "Fn::GetAtt": [
                "SipConfigSipConfigFunctionB815D90D",
                "Arn",
              ],
            },
          },
        },
        "Handler": "framework.onEvent",
        "LoggingConfig": {
          "ApplicationLogLevel": "FATAL",
          "LogFormat": "JSON",
          "LogGroup": {
            "Ref": "SipConfigSipConfigProviderLogs4D1749A5",
          },
        },
        "Role": {
          "Fn::GetAtt": [
            "SipConfigSipConfigProviderframeworkonEventServiceRole13765F3A",
            "Arn",
          ],
        },
        "Runtime": "nodejs24.x",
        "Tags": [
          {
            "Key": "GitRepository",
            "Value": "https://github.com/anjanipangal/artemis-cdk",
          },
          {
            "Key": "Project",
            "Value": "Artemis",
          },
        ],
        "Timeout": 900,
      },
      "Type": "AWS::Lambda::Function",
    },
    "SipConfigSipConfigProviderframeworkonEventServiceRole13765F3A": {
      "Properties": {
        "AssumeRolePolicyDocument": {
          "Statement": [
            {
              "Action": "sts:AssumeRole",
              "Effect": "Allow",
              "Principal": {
                "Service": "lambda.amazonaws.com",
              },
            },
          ],
          "Version": "2012-10-17",
        },
        "ManagedPolicyArns": [
          {
            "Fn::Join": [
              "",
              [
                "arn:",
                {
                  "Ref": "AWS::Partition",
                },
                ":iam::aws:policy/service-role/AWSLambdaBasicExecutionRole",
              ],
            ],
          },
        ],
        "Tags": [
          {
            "Key": "GitRepository",
            "Value": "https://github.com/anjanipangal/artemis-cdk",
          },
          {
            "Key": "Project",
            "Value": "Artemis",
          },
        ],
      },
      "Type": "AWS::IAM::Role",
    },
    "SipConfigSipConfigProviderframeworkonEventServiceRoleDefaultPolicy4C1FF4E6": {
      "Properties": {
        "PolicyDocument": {
          "Statement": [
            {
              "Action": "lambda:InvokeFunction",
              "Effect": "Allow",
              "Resource": [
                {
                  "Fn::GetAtt": [
                    "SipConfigSipConfigFunctionB815D90D",
                    "Arn",
                  ],
                },
                {
                  "Fn::Join": [
                    "",
                    [
                      {
                        "Fn::GetAtt": [
                          "SipConfigSipConfigFunctionB815D90D",
                          "Arn",
                        ],
                      },
                      ":*",
                    ],
                  ],
                },
              ],
            },
            {
              "Action": "lambda:GetFunction",
              "Effect": "Allow",
              "Resource": {
                "Fn::GetAtt": [
                  "SipConfigSipConfigFunctionB815D90D",
                  "Arn",
                ],
              },
            },
          ],
          "Version": "2012-10-17",
        },
        "PolicyName": "SipConfigSipConfigProviderframeworkonEventServiceRoleDefaultPolicy4C1FF4E6",
        "Roles": [
          {
            "Ref": "SipConfigSipConfigProviderframeworkonEventServiceRole13765F3A",
          },
        ],
      },
      "Type": "AWS::IAM::Policy",
    },
    "SipConfigSipOutboundTrunk0E51D1E12": {
      "DeletionPolicy": "Delete",
      "DependsOn": [
        "LivekitServerLivekitServerServiceSecurityGroupfromMyTestStackAlbSecurityGroup4C92DBCC7880BA47D671",
        "LivekitServerLivekitServerServiceSecurityGroup8C2CAD09",
        "LivekitServerLivekitServerService442AF1EF",
      ],
      "Properties": {
        "ServiceToken": {
          "Fn::GetAtt": [
            "SipConfigSipConfigProviderframeworkonEvent03C6B99F",
            "Arn",
          ],
        },
        "address": "artemis-dev.pstn.twilio.com",
        "config_version": "1",
        "numbers": "["+19257226561"]",
        "trunk_name": "dev-artemis",
        "twilio_credentials_secret_arn": {
          "Ref": "SipConfigTwilioCredentials3F5C672A",
        },
      },
      "Type": "AWS::CloudFormation::CustomResource",
      "UpdateReplacePolicy": "Delete",
    },
    "SipConfigTwilioCredentials3F5C672A": {
      "DeletionPolicy": "Delete",
      "Properties": {
        "Description": "Twilio SIP trunk credentials (username and password)",
        "GenerateSecretString": {
          "ExcludePunctuation": true,
          "GenerateStringKey": "password",
          "PasswordLength": 32,
          "SecretStringTemplate": "{"username":"REPLACE_ME"}",
        },
        "Name": "dev/artemis/twilio",
        "Tags": [
          {
            "Key": "GitRepository",
            "Value": "https://github.com/anjanipangal/artemis-cdk",
          },
          {
            "Key": "Project",
            "Value": "Artemis",
          },
        ],
      },
      "Type": "AWS::SecretsManager::Secret",
      "UpdateReplacePolicy": "Delete",
    },
    "ValkeyValkeyAuthSecret5D61F4E5": {
      "DeletionPolicy": "Delete",
      "Properties": {
        "Description": "ValKey AUTH token for LiveKit-to-ValKey connection",
        "GenerateSecretString": {
          "ExcludePunctuation": true,
          "PasswordLength": 32,
        },
        "Name": "dev/livekit/valkey",
        "Tags": [
          {
            "Key": "GitRepository",
            "Value": "https://github.com/anjanipangal/artemis-cdk",
          },
          {
            "Key": "Project",
            "Value": "Artemis",
          },
        ],
      },
      "Type": "AWS::SecretsManager::Secret",
      "UpdateReplacePolicy": "Delete",
    },
    "ValkeyValkeyReplicationGroup51EE0E56": {
      "Properties": {
        "AtRestEncryptionEnabled": true,
        "AuthToken": {
          "Fn::Join": [
            "",
            [
              "{{resolve:secretsmanager:",
              {
                "Ref": "ValkeyValkeyAuthSecret5D61F4E5",
              },
              ":SecretString:::}}",
            ],
          ],
        },
        "AutomaticFailoverEnabled": false,
        "CacheNodeType": "cache.t4g.micro",
        "CacheSubnetGroupName": {
          "Ref": "ValkeyValkeySubnetGroupF7A0AB20",
        },
        "Engine": "valkey",
        "EngineVersion": "9.0",
        "NumNodeGroups": 1,
        "ReplicasPerNodeGroup": 0,
        "ReplicationGroupDescription": "dev LiveKit ValKey",
        "ReplicationGroupId": "dev-livekit-valkey",
        "SecurityGroupIds": [
          {
            "Fn::GetAtt": [
              "ValkeyValkeySecurityGroup8EFF2370",
              "GroupId",
            ],
          },
        ],
        "Tags": [
          {
            "Key": "GitRepository",
            "Value": "https://github.com/anjanipangal/artemis-cdk",
          },
          {
            "Key": "Project",
            "Value": "Artemis",
          },
        ],
        "TransitEncryptionEnabled": true,
      },
      "Type": "AWS::ElastiCache::ReplicationGroup",
    },
    "ValkeyValkeySecurityGroup8EFF2370": {
      "Properties": {
        "GroupDescription": "MyTestStack/Valkey/ValkeySecurityGroup",
        "SecurityGroupEgress": [
          {
            "CidrIp": "0.0.0.0/0",
            "Description": "Allow all outbound traffic by default",
            "IpProtocol": "-1",
          },
        ],
        "Tags": [
          {
            "Key": "GitRepository",
            "Value": "https://github.com/anjanipangal/artemis-cdk",
          },
          {
            "Key": "Project",
            "Value": "Artemis",
          },
        ],
        "VpcId": {
          "Ref": "Vpc8378EB38",
        },
      },
      "Type": "AWS::EC2::SecurityGroup",
    },
    "ValkeyValkeySecurityGroupfromMyTestStackLivekitServerLivekitServerServiceSecurityGroup0EE734586379065EBA96": {
      "Properties": {
        "Description": "LiveKit to ValKey",
        "FromPort": 6379,
        "GroupId": {
          "Fn::GetAtt": [
            "ValkeyValkeySecurityGroup8EFF2370",
            "GroupId",
          ],
        },
        "IpProtocol": "tcp",
        "SourceSecurityGroupId": {
          "Fn::GetAtt": [
            "LivekitServerLivekitServerServiceSecurityGroup8C2CAD09",
            "GroupId",
          ],
        },
        "ToPort": 6379,
      },
      "Type": "AWS::EC2::SecurityGroupIngress",
    },
    "ValkeyValkeySecurityGroupfromMyTestStackLivekitSipLivekitSipServiceSecurityGroupA0C27F6363790BEE2A1A": {
      "Properties": {
        "Description": "LiveKit SIP to ValKey",
        "FromPort": 6379,
        "GroupId": {
          "Fn::GetAtt": [
            "ValkeyValkeySecurityGroup8EFF2370",
            "GroupId",
          ],
        },
        "IpProtocol": "tcp",
        "SourceSecurityGroupId": {
          "Fn::GetAtt": [
            "LivekitSipLivekitSipServiceSecurityGroup1060688D",
            "GroupId",
          ],
        },
        "ToPort": 6379,
      },
      "Type": "AWS::EC2::SecurityGroupIngress",
    },
    "ValkeyValkeySubnetGroupF7A0AB20": {
      "Properties": {
        "CacheSubnetGroupName": "dev-livekit-valkey",
        "Description": "dev LiveKit ValKey subnet group",
        "SubnetIds": [
          {
            "Ref": "VpcprivateSubnet1SubnetCEAD3716",
          },
          {
            "Ref": "VpcprivateSubnet2Subnet2DE7549C",
          },
          {
            "Ref": "VpcprivateSubnet3SubnetA5AC68D9",
          },
        ],
        "Tags": [
          {
            "Key": "GitRepository",
            "Value": "https://github.com/anjanipangal/artemis-cdk",
          },
          {
            "Key": "Project",
            "Value": "Artemis",
          },
        ],
      },
      "Type": "AWS::ElastiCache::SubnetGroup",
    },
    "Vpc8378EB38": {
      "Properties": {
        "CidrBlock": "10.1.0.0/16",
        "EnableDnsHostnames": true,
        "EnableDnsSupport": true,
        "InstanceTenancy": "default",
        "Tags": [
          {
            "Key": "GitRepository",
            "Value": "https://github.com/anjanipangal/artemis-cdk",
          },
          {
            "Key": "Name",
            "Value": "MyTestStack/Vpc",
          },
          {
            "Key": "Project",
            "Value": "Artemis",
          },
        ],
      },
      "Type": "AWS::EC2::VPC",
    },
    "VpcIGWD7BA715C": {
      "Properties": {
        "Tags": [
          {
            "Key": "GitRepository",
            "Value": "https://github.com/anjanipangal/artemis-cdk",
          },
          {
            "Key": "Name",
            "Value": "MyTestStack/Vpc",
          },
          {
            "Key": "Project",
            "Value": "Artemis",
          },
        ],
      },
      "Type": "AWS::EC2::InternetGateway",
    },
    "VpcVPCGWBF912B6E": {
      "Properties": {
        "InternetGatewayId": {
          "Ref": "VpcIGWD7BA715C",
        },
        "VpcId": {
          "Ref": "Vpc8378EB38",
        },
      },
      "Type": "AWS::EC2::VPCGatewayAttachment",
    },
    "VpcisolatedSubnet1RouteTableAssociationD259E31A": {
      "Properties": {
        "RouteTableId": {
          "Ref": "VpcisolatedSubnet1RouteTableE442650B",
        },
        "SubnetId": {
          "Ref": "VpcisolatedSubnet1SubnetE62B1B9B",
        },
      },
      "Type": "AWS::EC2::SubnetRouteTableAssociation",
    },
    "VpcisolatedSubnet1RouteTableE442650B": {
      "Properties": {
        "Tags": [
          {
            "Key": "GitRepository",
            "Value": "https://github.com/anjanipangal/artemis-cdk",
          },
          {
            "Key": "Name",
            "Value": "MyTestStack/Vpc/isolatedSubnet1",
          },
          {
            "Key": "Project",
            "Value": "Artemis",
          },
        ],
        "VpcId": {
          "Ref": "Vpc8378EB38",
        },
      },
      "Type": "AWS::EC2::RouteTable",
    },
    "VpcisolatedSubnet1SubnetE62B1B9B": {
      "Properties": {
        "AvailabilityZone": "dummy1a",
        "CidrBlock": "10.1.96.0/20",
        "MapPublicIpOnLaunch": false,
        "Tags": [
          {
            "Key": "aws-cdk:subnet-name",
            "Value": "isolated",
          },
          {
            "Key": "aws-cdk:subnet-type",
            "Value": "Isolated",
          },
          {
            "Key": "GitRepository",
            "Value": "https://github.com/anjanipangal/artemis-cdk",
          },
          {
            "Key": "Name",
            "Value": "MyTestStack/Vpc/isolatedSubnet1",
          },
          {
            "Key": "Project",
            "Value": "Artemis",
          },
        ],
        "VpcId": {
          "Ref": "Vpc8378EB38",
        },
      },
      "Type": "AWS::EC2::Subnet",
    },
    "VpcisolatedSubnet2RouteTable334F9764": {
      "Properties": {
        "Tags": [
          {
            "Key": "GitRepository",
            "Value": "https://github.com/anjanipangal/artemis-cdk",
          },
          {
            "Key": "Name",
            "Value": "MyTestStack/Vpc/isolatedSubnet2",
          },
          {
            "Key": "Project",
            "Value": "Artemis",
          },
        ],
        "VpcId": {
          "Ref": "Vpc8378EB38",
        },
      },
      "Type": "AWS::EC2::RouteTable",
    },
    "VpcisolatedSubnet2RouteTableAssociation25A4716F": {
      "Properties": {
        "RouteTableId": {
          "Ref": "VpcisolatedSubnet2RouteTable334F9764",
        },
        "SubnetId": {
          "Ref": "VpcisolatedSubnet2Subnet39217055",
        },
      },
      "Type": "AWS::EC2::SubnetRouteTableAssociation",
    },
    "VpcisolatedSubnet2Subnet39217055": {
      "Properties": {
        "AvailabilityZone": "dummy1b",
        "CidrBlock": "10.1.112.0/20",
        "MapPublicIpOnLaunch": false,
        "Tags": [
          {
            "Key": "aws-cdk:subnet-name",
            "Value": "isolated",
          },
          {
            "Key": "aws-cdk:subnet-type",
            "Value": "Isolated",
          },
          {
            "Key": "GitRepository",
            "Value": "https://github.com/anjanipangal/artemis-cdk",
          },
          {
            "Key": "Name",
            "Value": "MyTestStack/Vpc/isolatedSubnet2",
          },
          {
            "Key": "Project",
            "Value": "Artemis",
          },
        ],
        "VpcId": {
          "Ref": "Vpc8378EB38",
        },
      },
      "Type": "AWS::EC2::Subnet",
    },
    "VpcisolatedSubnet3RouteTableA2F6BBC0": {
      "Properties": {
        "Tags": [
          {
            "Key": "GitRepository",
            "Value": "https://github.com/anjanipangal/artemis-cdk",
          },
          {
            "Key": "Name",
            "Value": "MyTestStack/Vpc/isolatedSubnet3",
          },
          {
            "Key": "Project",
            "Value": "Artemis",
          },
        ],
        "VpcId": {
          "Ref": "Vpc8378EB38",
        },
      },
      "Type": "AWS::EC2::RouteTable",
    },
    "VpcisolatedSubnet3RouteTableAssociationDC010BEB": {
      "Properties": {
        "RouteTableId": {
          "Ref": "VpcisolatedSubnet3RouteTableA2F6BBC0",
        },
        "SubnetId": {
          "Ref": "VpcisolatedSubnet3Subnet44F2537D",
        },
      },
      "Type": "AWS::EC2::SubnetRouteTableAssociation",
    },
    "VpcisolatedSubnet3Subnet44F2537D": {
      "Properties": {
        "AvailabilityZone": "dummy1c",
        "CidrBlock": "10.1.128.0/20",
        "MapPublicIpOnLaunch": false,
        "Tags": [
          {
            "Key": "aws-cdk:subnet-name",
            "Value": "isolated",
          },
          {
            "Key": "aws-cdk:subnet-type",
            "Value": "Isolated",
          },
          {
            "Key": "GitRepository",
            "Value": "https://github.com/anjanipangal/artemis-cdk",
          },
          {
            "Key": "Name",
            "Value": "MyTestStack/Vpc/isolatedSubnet3",
          },
          {
            "Key": "Project",
            "Value": "Artemis",
          },
        ],
        "VpcId": {
          "Ref": "Vpc8378EB38",
        },
      },
      "Type": "AWS::EC2::Subnet",
    },
    "VpcprivateSubnet1DefaultRouteB506891A": {
      "Properties": {
        "DestinationCidrBlock": "0.0.0.0/0",
        "NatGatewayId": {
          "Ref": "VpcpublicSubnet1NATGatewayA036E8A6",
        },
        "RouteTableId": {
          "Ref": "VpcprivateSubnet1RouteTable1979EACB",
        },
      },
      "Type": "AWS::EC2::Route",
    },
    "VpcprivateSubnet1RouteTable1979EACB": {
      "Properties": {
        "Tags": [
          {
            "Key": "GitRepository",
            "Value": "https://github.com/anjanipangal/artemis-cdk",
          },
          {
            "Key": "Name",
            "Value": "MyTestStack/Vpc/privateSubnet1",
          },
          {
            "Key": "Project",
            "Value": "Artemis",
          },
        ],
        "VpcId": {
          "Ref": "Vpc8378EB38",
        },
      },
      "Type": "AWS::EC2::RouteTable",
    },
    "VpcprivateSubnet1RouteTableAssociationEEBD93CE": {
      "Properties": {
        "RouteTableId": {
          "Ref": "VpcprivateSubnet1RouteTable1979EACB",
        },
        "SubnetId": {
          "Ref": "VpcprivateSubnet1SubnetCEAD3716",
        },
      },
      "Type": "AWS::EC2::SubnetRouteTableAssociation",
    },
    "VpcprivateSubnet1SubnetCEAD3716": {
      "Properties": {
        "AvailabilityZone": "dummy1a",
        "CidrBlock": "10.1.48.0/20",
        "MapPublicIpOnLaunch": false,
        "Tags": [
          {
            "Key": "aws-cdk:subnet-name",
            "Value": "private",
          },
          {
            "Key": "aws-cdk:subnet-type",
            "Value": "Private",
          },
          {
            "Key": "GitRepository",
            "Value": "https://github.com/anjanipangal/artemis-cdk",
          },
          {
            "Key": "Name",
            "Value": "MyTestStack/Vpc/privateSubnet1",
          },
          {
            "Key": "Project",
            "Value": "Artemis",
          },
        ],
        "VpcId": {
          "Ref": "Vpc8378EB38",
        },
      },
      "Type": "AWS::EC2::Subnet",
    },
    "VpcprivateSubnet2DefaultRouteBAC3C1C3": {
      "Properties": {
        "DestinationCidrBlock": "0.0.0.0/0",
        "NatGatewayId": {
          "Ref": "VpcpublicSubnet1NATGatewayA036E8A6",
        },
        "RouteTableId": {
          "Ref": "VpcprivateSubnet2RouteTable4D0FFC8C",
        },
      },
      "Type": "AWS::EC2::Route",
    },
    "VpcprivateSubnet2RouteTable4D0FFC8C": {
      "Properties": {
        "Tags": [
          {
            "Key": "GitRepository",
            "Value": "https://github.com/anjanipangal/artemis-cdk",
          },
          {
            "Key": "Name",
            "Value": "MyTestStack/Vpc/privateSubnet2",
          },
          {
            "Key": "Project",
            "Value": "Artemis",
          },
        ],
        "VpcId": {
          "Ref": "Vpc8378EB38",
        },
      },
      "Type": "AWS::EC2::RouteTable",
    },
    "VpcprivateSubnet2RouteTableAssociationB691E645": {
      "Properties": {
        "RouteTableId": {
          "Ref": "VpcprivateSubnet2RouteTable4D0FFC8C",
        },
        "SubnetId": {
          "Ref": "VpcprivateSubnet2Subnet2DE7549C",
        },
      },
      "Type": "AWS::EC2::SubnetRouteTableAssociation",
    },
    "VpcprivateSubnet2Subnet2DE7549C": {
      "Properties": {
        "AvailabilityZone": "dummy1b",
        "CidrBlock": "10.1.64.0/20",
        "MapPublicIpOnLaunch": false,
        "Tags": [
          {
            "Key": "aws-cdk:subnet-name",
            "Value": "private",
          },
          {
            "Key": "aws-cdk:subnet-type",
            "Value": "Private",
          },
          {
            "Key": "GitRepository",
            "Value": "https://github.com/anjanipangal/artemis-cdk",
          },
          {
            "Key": "Name",
            "Value": "MyTestStack/Vpc/privateSubnet2",
          },
          {
            "Key": "Project",
            "Value": "Artemis",
          },
        ],
        "VpcId": {
          "Ref": "Vpc8378EB38",
        },
      },
      "Type": "AWS::EC2::Subnet",
    },
    "VpcprivateSubnet3DefaultRoute5028F7A1": {
      "Properties": {
        "DestinationCidrBlock": "0.0.0.0/0",
        "NatGatewayId": {
          "Ref": "VpcpublicSubnet1NATGatewayA036E8A6",
        },
        "RouteTableId": {
          "Ref": "VpcprivateSubnet3RouteTableAF0D9985",
        },
      },
      "Type": "AWS::EC2::Route",
    },
    "VpcprivateSubnet3RouteTableAF0D9985": {
      "Properties": {
        "Tags": [
          {
            "Key": "GitRepository",
            "Value": "https://github.com/anjanipangal/artemis-cdk",
          },
          {
            "Key": "Name",
            "Value": "MyTestStack/Vpc/privateSubnet3",
          },
          {
            "Key": "Project",
            "Value": "Artemis",
          },
        ],
        "VpcId": {
          "Ref": "Vpc8378EB38",
        },
      },
      "Type": "AWS::EC2::RouteTable",
    },
    "VpcprivateSubnet3RouteTableAssociation88A12983": {
      "Properties": {
        "RouteTableId": {
          "Ref": "VpcprivateSubnet3RouteTableAF0D9985",
        },
        "SubnetId": {
          "Ref": "VpcprivateSubnet3SubnetA5AC68D9",
        },
      },
      "Type": "AWS::EC2::SubnetRouteTableAssociation",
    },
    "VpcprivateSubnet3SubnetA5AC68D9": {
      "Properties": {
        "AvailabilityZone": "dummy1c",
        "CidrBlock": "10.1.80.0/20",
        "MapPublicIpOnLaunch": false,
        "Tags": [
          {
            "Key": "aws-cdk:subnet-name",
            "Value": "private",
          },
          {
            "Key": "aws-cdk:subnet-type",
            "Value": "Private",
          },
          {
            "Key": "GitRepository",
            "Value": "https://github.com/anjanipangal/artemis-cdk",
          },
          {
            "Key": "Name",
            "Value": "MyTestStack/Vpc/privateSubnet3",
          },
          {
            "Key": "Project",
            "Value": "Artemis",
          },
        ],
        "VpcId": {
          "Ref": "Vpc8378EB38",
        },
      },
      "Type": "AWS::EC2::Subnet",
    },
    "VpcpublicSubnet1DefaultRouteB88F9E93": {
      "DependsOn": [
        "VpcVPCGWBF912B6E",
      ],
      "Properties": {
        "DestinationCidrBlock": "0.0.0.0/0",
        "GatewayId": {
          "Ref": "VpcIGWD7BA715C",
        },
        "RouteTableId": {
          "Ref": "VpcpublicSubnet1RouteTable15C15F8E",
        },
      },
      "Type": "AWS::EC2::Route",
    },
    "VpcpublicSubnet1EIP411541E6": {
      "Properties": {
        "Domain": "vpc",
        "Tags": [
          {
            "Key": "GitRepository",
            "Value": "https://github.com/anjanipangal/artemis-cdk",
          },
          {
            "Key": "Name",
            "Value": "MyTestStack/Vpc/publicSubnet1",
          },
          {
            "Key": "Project",
            "Value": "Artemis",
          },
        ],
      },
      "Type": "AWS::EC2::EIP",
    },
    "VpcpublicSubnet1NATGatewayA036E8A6": {
      "DependsOn": [
        "VpcpublicSubnet1DefaultRouteB88F9E93",
        "VpcpublicSubnet1RouteTableAssociation4E83B6E4",
      ],
      "Properties": {
        "AllocationId": {
          "Fn::GetAtt": [
            "VpcpublicSubnet1EIP411541E6",
            "AllocationId",
          ],
        },
        "SubnetId": {
          "Ref": "VpcpublicSubnet1Subnet2BB74ED7",
        },
        "Tags": [
          {
            "Key": "GitRepository",
            "Value": "https://github.com/anjanipangal/artemis-cdk",
          },
          {
            "Key": "Name",
            "Value": "MyTestStack/Vpc/publicSubnet1",
          },
          {
            "Key": "Project",
            "Value": "Artemis",
          },
        ],
      },
      "Type": "AWS::EC2::NatGateway",
    },
    "VpcpublicSubnet1RouteTable15C15F8E": {
      "Properties": {
        "Tags": [
          {
            "Key": "GitRepository",
            "Value": "https://github.com/anjanipangal/artemis-cdk",
          },
          {
            "Key": "Name",
            "Value": "MyTestStack/Vpc/publicSubnet1",
          },
          {
            "Key": "Project",
            "Value": "Artemis",
          },
        ],
        "VpcId": {
          "Ref": "Vpc8378EB38",
        },
      },
      "Type": "AWS::EC2::RouteTable",
    },
    "VpcpublicSubnet1RouteTableAssociation4E83B6E4": {
      "Properties": {
        "RouteTableId": {
          "Ref": "VpcpublicSubnet1RouteTable15C15F8E",
        },
        "SubnetId": {
          "Ref": "VpcpublicSubnet1Subnet2BB74ED7",
        },
      },
      "Type": "AWS::EC2::SubnetRouteTableAssociation",
    },
    "VpcpublicSubnet1Subnet2BB74ED7": {
      "Properties": {
        "AvailabilityZone": "dummy1a",
        "CidrBlock": "10.1.0.0/20",
        "MapPublicIpOnLaunch": true,
        "Tags": [
          {
            "Key": "aws-cdk:subnet-name",
            "Value": "public",
          },
          {
            "Key": "aws-cdk:subnet-type",
            "Value": "Public",
          },
          {
            "Key": "GitRepository",
            "Value": "https://github.com/anjanipangal/artemis-cdk",
          },
          {
            "Key": "Name",
            "Value": "MyTestStack/Vpc/publicSubnet1",
          },
          {
            "Key": "Project",
            "Value": "Artemis",
          },
        ],
        "VpcId": {
          "Ref": "Vpc8378EB38",
        },
      },
      "Type": "AWS::EC2::Subnet",
    },
    "VpcpublicSubnet2DefaultRoute732F0BEB": {
      "DependsOn": [
        "VpcVPCGWBF912B6E",
      ],
      "Properties": {
        "DestinationCidrBlock": "0.0.0.0/0",
        "GatewayId": {
          "Ref": "VpcIGWD7BA715C",
        },
        "RouteTableId": {
          "Ref": "VpcpublicSubnet2RouteTableC5A6DF77",
        },
      },
      "Type": "AWS::EC2::Route",
    },
    "VpcpublicSubnet2RouteTableAssociationCCE257FF": {
      "Properties": {
        "RouteTableId": {
          "Ref": "VpcpublicSubnet2RouteTableC5A6DF77",
        },
        "SubnetId": {
          "Ref": "VpcpublicSubnet2SubnetE34B022A",
        },
      },
      "Type": "AWS::EC2::SubnetRouteTableAssociation",
    },
    "VpcpublicSubnet2RouteTableC5A6DF77": {
      "Properties": {
        "Tags": [
          {
            "Key": "GitRepository",
            "Value": "https://github.com/anjanipangal/artemis-cdk",
          },
          {
            "Key": "Name",
            "Value": "MyTestStack/Vpc/publicSubnet2",
          },
          {
            "Key": "Project",
            "Value": "Artemis",
          },
        ],
        "VpcId": {
          "Ref": "Vpc8378EB38",
        },
      },
      "Type": "AWS::EC2::RouteTable",
    },
    "VpcpublicSubnet2SubnetE34B022A": {
      "Properties": {
        "AvailabilityZone": "dummy1b",
        "CidrBlock": "10.1.16.0/20",
        "MapPublicIpOnLaunch": true,
        "Tags": [
          {
            "Key": "aws-cdk:subnet-name",
            "Value": "public",
          },
          {
            "Key": "aws-cdk:subnet-type",
            "Value": "Public",
          },
          {
            "Key": "GitRepository",
            "Value": "https://github.com/anjanipangal/artemis-cdk",
          },
          {
            "Key": "Name",
            "Value": "MyTestStack/Vpc/publicSubnet2",
          },
          {
            "Key": "Project",
            "Value": "Artemis",
          },
        ],
        "VpcId": {
          "Ref": "Vpc8378EB38",
        },
      },
      "Type": "AWS::EC2::Subnet",
    },
    "VpcpublicSubnet3DefaultRouteA3904BF0": {
      "DependsOn": [
        "VpcVPCGWBF912B6E",
      ],
      "Properties": {
        "DestinationCidrBlock": "0.0.0.0/0",
        "GatewayId": {
          "Ref": "VpcIGWD7BA715C",
        },
        "RouteTableId": {
          "Ref": "VpcpublicSubnet3RouteTable80517A9C",
        },
      },
      "Type": "AWS::EC2::Route",
    },
    "VpcpublicSubnet3RouteTable80517A9C": {
      "Properties": {
        "Tags": [
          {
            "Key": "GitRepository",
            "Value": "https://github.com/anjanipangal/artemis-cdk",
          },
          {
            "Key": "Name",
            "Value": "MyTestStack/Vpc/publicSubnet3",
          },
          {
            "Key": "Project",
            "Value": "Artemis",
          },
        ],
        "VpcId": {
          "Ref": "Vpc8378EB38",
        },
      },
      "Type": "AWS::EC2::RouteTable",
    },
    "VpcpublicSubnet3RouteTableAssociation61C43F88": {
      "Properties": {
        "RouteTableId": {
          "Ref": "VpcpublicSubnet3RouteTable80517A9C",
        },
        "SubnetId": {
          "Ref": "VpcpublicSubnet3SubnetDFEF064A",
        },
      },
      "Type": "AWS::EC2::SubnetRouteTableAssociation",
    },
    "VpcpublicSubnet3SubnetDFEF064A": {
      "Properties": {
        "AvailabilityZone": "dummy1c",
        "CidrBlock": "10.1.32.0/20",
        "MapPublicIpOnLaunch": true,
        "Tags": [
          {
            "Key": "aws-cdk:subnet-name",
            "Value": "public",
          },
          {
            "Key": "aws-cdk:subnet-type",
            "Value": "Public",
          },
          {
            "Key": "GitRepository",
            "Value": "https://github.com/anjanipangal/artemis-cdk",
          },
          {
            "Key": "Name",
            "Value": "MyTestStack/Vpc/publicSubnet3",
          },
          {
            "Key": "Project",
            "Value": "Artemis",
          },
        ],
        "VpcId": {
          "Ref": "Vpc8378EB38",
        },
      },
      "Type": "AWS::EC2::Subnet",
    },
  },
}
`;
